// Jest Snapshot v1, https://goo.gl/fbAQLP

exports[`Tests for App Component renders correctly 1`] = `
<div
  className="App"
>
  <h1>
    Hello World!
  </h1>
  <div>
    <h3>
      GitHub User Info
    </h3>
    <ul>
      <li>
        error
        : 
        request error
      </li>
    </ul>
  </div>
  <div>
    <h3>
      GitHub User Info
    </h3>
    <ul>
      <li>
        error
        : 
        request error
      </li>
    </ul>
  </div>
</div>
`;
