// Jest Snapshot v1, https://goo.gl/fbAQLP

exports[`Tests for Info Component renders correctly 1`] = `
<div>
  <h3>
    GitHub User Info
  </h3>
  <ul>
    <li>
      error
      : 
      request error
    </li>
  </ul>
</div>
`;
